// Jest Snapshot v1, https://goo.gl/fbAQLP

exports[`Render ProfileFooter component (cancelled) after 10s. 1`] = `null`;

exports[`Render ProfileFooter component after 10s. 1`] = `
<div
  className="ProfileFooter__ProfileFooterSection-fAJWLj bb bw2 b--hot-pink bg-purple pt4 pb3 mb1 hFmNli"
>
  <h4
    className="f4 fw3 tc lh-title code white-80"
  >
    I build software
    <br />
    on the pull requests
    <br />
    of giants.
  </h4>
  <div
    className="flex w-100 justify-center mt2"
  >
    <div
      className=""
      style={
        Object {
          "maxWidth": "2rem",
        }
      }
    >
      <svg
        className="mw-5"
        fill="none"
        height="2rem"
        stroke="#fc5270"
        strokeLinecap="round"
        strokeLinejoin="round"
        strokeWidth="2"
        viewBox="0 0 24 24"
        width="2rem"
        xmlns="http://www.w3.org/2000/svg"
      >
        <polyline
          points="6 9 12 15 18 9"
        />
      </svg>
    </div>
  </div>
</div>
`;

exports[`Render ProfileFooter component. 1`] = `
<div
  className="ProfileFooter__ProfileFooterSection-fAJWLj bb bw2 b--hot-pink bg-purple pt4 pb3 mb1 hFmNli"
>
  <h4
    className="f4 fw3 tc lh-title code white-80"
  >
    I build software
    <br />
    on the pull requests
    <br />
    of giants.
  </h4>
  <div
    className="flex w-100 justify-center mt2"
  >
    <div
      className=""
      style={
        Object {
          "maxWidth": "2rem",
        }
      }
    >
      <svg
        className="mw-5"
        fill="none"
        height="2rem"
        stroke="#fc5270"
        strokeLinecap="round"
        strokeLinejoin="round"
        strokeWidth="2"
        viewBox="0 0 24 24"
        width="2rem"
        xmlns="http://www.w3.org/2000/svg"
      >
        <polyline
          points="6 9 12 15 18 9"
        />
      </svg>
    </div>
  </div>
</div>
`;

exports[`Render ProfileFooter component. 2`] = `null`;
