// Jest Snapshot v1, https://goo.gl/fbAQLP

exports[`Render Profile component. Render Profile component. 1`] = `
.c3 {
  box-sizing: border-box;
  margin: 0;
  min-width: 0;
  color: #ff3a5c;
  color: rgba(220,220,220,.9);
  margin: 8px;
}

.c6 {
  box-sizing: border-box;
  margin: 0;
  min-width: 0;
  display: -webkit-inline-box;
  display: -webkit-inline-flex;
  display: -ms-inline-flexbox;
  display: inline-flex;
  color: hsla(0,0%,100%,.8);
  -webkit-flex: 1;
  -ms-flex: 1;
  flex: 1;
  -webkit-flex-wrap: wrap;
  -ms-flex-wrap: wrap;
  flex-wrap: wrap;
  font-family: Spectral,serif;
  font-size: 28px;
  font-weight: 400;
  -webkit-box-pack: center;
  -webkit-justify-content: center;
  -ms-flex-pack: center;
  justify-content: center;
}

.c9 {
  box-sizing: border-box;
  margin: 0;
  min-width: 0;
  font-family: Lato,system-ui,sans-serif;
}

.c10 {
  box-sizing: border-box;
  margin: 0;
  min-width: 0;
}

.c5 {
  box-sizing: border-box;
  margin: 0;
  min-width: 0;
  -webkit-flex-direction: column;
  -ms-flex-direction: column;
  flex-direction: column;
  padding-top: 32px;
  display: -webkit-box;
  display: -webkit-flex;
  display: -ms-flexbox;
  display: flex;
}

.c8 {
  box-sizing: border-box;
  margin: 0;
  min-width: 0;
  display: -webkit-box;
  display: -webkit-flex;
  display: -ms-flexbox;
  display: flex;
}

.c2 {
  box-sizing: border-box;
  margin: 0;
  min-width: 0;
  margin-top: 32px;
  margin-bottom: 32px;
  -webkit-box-pack: center;
  -webkit-justify-content: center;
  -ms-flex-pack: center;
  justify-content: center;
  display: -webkit-box;
  display: -webkit-flex;
  display: -ms-flexbox;
  display: flex;
  -webkit-box-pack: justify-around;
  -webkit-justify-content: justify-around;
  -ms-flex-pack: justify-around;
  justify-content: justify-around;
}

.c7 {
  border-bottom: 2px solid rgba(58%,46%,80%,0.8);
  position: relative;
  -webkit-text-decoration: none;
  text-decoration: none;
}

.c7::before {
  background-color: rgba(100%,23%,36%,0.8);
  bottom: -2px;
  content: '';
  height: 2px;
  left: 0;
  position: absolute;
  -webkit-transform: scaleX(0);
  -ms-transform: scaleX(0);
  transform: scaleX(0);
  -webkit-transition: all 0.25s ease-in-out 0s;
  transition: all 0.25s ease-in-out 0s;
  visibility: hidden;
  width: 100%;
}

.c7:hover:before {
  -webkit-transform: scaleX(1);
  -ms-transform: scaleX(1);
  transform: scaleX(1);
  visibility: visible;
}

.c0 {
  box-sizing: border-box;
  margin: 0;
  min-width: 0;
  -webkit-box-pack: center;
  -webkit-justify-content: center;
  -ms-flex-pack: center;
  justify-content: center;
  -webkit-align-items: center;
  -webkit-box-align: center;
  -ms-flex-align: center;
  align-items: center;
  margin-top: 32px;
  display: grid;
  grid-template-columns: repeat(12,1fr);
  min-height: calc(100vh - 56px);
}

.c1 {
  box-sizing: border-box;
  margin: 0;
  min-width: 0;
  margin-left: 25%;
  width: 50%;
}

.c4 {
  box-sizing: border-box;
  margin: 0;
  min-width: 0;
  padding-bottom: 32px;
  grid-column: 1 / 13;
}

.c11 {
  box-sizing: border-box;
  margin: 0;
  min-width: 0;
  grid-column: 1 / 13;
  grid-row: 5 / 7;
}

@media screen and (min-width:40em) {
  .c6 {
    -webkit-box-pack: end;
    -webkit-justify-content: flex-end;
    -ms-flex-pack: end;
    justify-content: flex-end;
  }
}

@media (max-width:45em) {
  .c2 {
    display: none !important;
  }
}

@media (min-width:45em) {
  .c0 {
    grid-template-rows: repeat(2,1fr);
  }
}

@media screen and (min-width:40em) {
  .c1 {
    margin-left: 0;
    width: 100%;
  }
}

@media (max-width:45em) {
  .c1 {
    grid-column: 1 / 13;
  }
}

@media (min-width:45em) and (max-width:60em) {
  .c1 {
    grid-column: 2 / 5;
    grid-row: 1 / 5;
  }
}

@media (min-width:60em) {
  .c1 {
    grid-column: 3 / 6;
    grid-row: 1 / 5;
  }
}

@media (min-width:45em) and (max-width:75em) {
  .c4 {
    grid-column: 5 / 12;
    grid-row: 1 / 5;
  }
}

@media (min-width:60em) {
  .c4 {
    grid-column: 5 / 10;
    grid-row: 1 / 5;
  }
}

<div
  className="c0"
>
  <div
    className="c1 center"
    width={
      Array [
        "50%",
        "100%",
      ]
    }
  >
    <div
      className="c2"
    >
      <a
        className="c3"
        color="textLightMuted"
        href="https://github.com/jessestuart/"
      >
        <svg
          className="b--light-gray hvr-grow"
          fill="#333333"
          height="35px"
          stroke="currentColor"
          strokeLinecap="round"
          strokeLinejoin="round"
          strokeWidth="1px"
          viewBox="0 0 24 24"
          width="35px"
          xmlns="http://www.w3.org/2000/svg"
        >
          <path
            d="M9 19c-5 1.5-5-2.5-7-3m14 6v-3.87a3.37 3.37 0 0 0-.94-2.61c3.14-.35 6.44-1.54 6.44-7A5.44 5.44 0 0 0 20 4.77 5.07 5.07 0 0 0 19.91 1S18.73.65 16 2.48a13.38 13.38 0 0 0-7 0C6.27.65 5.09 1 5.09 1A5.07 5.07 0 0 0 5 4.77a5.44 5.44 0 0 0-1.5 3.78c0 5.42 3.3 6.61 6.44 7A3.37 3.37 0 0 0 9 18.13V22"
          />
        </svg>
      </a>
      <a
        className="c3"
        color="textLightMuted"
        href="https://www.linkedin.com/in/jessedstuart/"
      >
        <svg
          className="b--light-gray hvr-grow"
          fill="#0077B5"
          height="35px"
          stroke="currentColor"
          strokeLinecap="round"
          strokeLinejoin="round"
          strokeWidth="1px"
          viewBox="0 0 24 24"
          width="35px"
          xmlns="http://www.w3.org/2000/svg"
        >
          <path
            d="M16 8a6 6 0 0 1 6 6v7h-4v-7a2 2 0 0 0-2-2 2 2 0 0 0-2 2v7h-4v-7a6 6 0 0 1 6-6z"
          />
          <rect
            height="12"
            width="4"
            x="2"
            y="9"
          />
          <circle
            cx="4"
            cy="4"
            r="2"
          />
        </svg>
      </a>
      <a
        className="c3"
        color="textLightMuted"
        href="https://instagram.com/jaystu/"
      >
        <svg
          className="b--light-gray hvr-grow"
          fill="#C74861"
          height="35px"
          stroke="currentColor"
          strokeLinecap="round"
          strokeLinejoin="round"
          strokeWidth="1px"
          viewBox="0 0 24 24"
          width="35px"
          xmlns="http://www.w3.org/2000/svg"
        >
          <rect
            height="20"
            rx="5"
            ry="5"
            width="20"
            x="2"
            y="2"
          />
          <path
            d="M16 11.37A4 4 0 1 1 12.63 8 4 4 0 0 1 16 11.37z"
          />
          <line
            x1="17.5"
            x2="17.5"
            y1="6.5"
            y2="6.5"
          />
        </svg>
      </a>
      <a
        className="c3"
        color="textLightMuted"
        href="https://twitter.com/jesse_stuart/"
      >
        <svg
          className="b--light-gray hvr-grow"
          fill="#1DA1F2"
          height="35px"
          stroke="currentColor"
          strokeLinecap="round"
          strokeLinejoin="round"
          strokeWidth="1px"
          viewBox="0 0 24 24"
          width="35px"
          xmlns="http://www.w3.org/2000/svg"
        >
          <path
            d="M23 3a10.9 10.9 0 0 1-3.14 1.53 4.48 4.48 0 0 0-7.86 3v1A10.66 10.66 0 0 1 3 4s-4 9 5 13a11.64 11.64 0 0 1-7 2c9 5 20 0 20-11.5a4.5 4.5 0 0 0-.08-.83A7.72 7.72 0 0 0 23 3z"
          />
        </svg>
      </a>
    </div>
  </div>
  <div
    className="c4 tc tr-ns ph2"
  >
    <div
      className="c5"
    >
      <span
        className="c6 lh-title"
        color="textLight"
        fontFamily="serif"
        fontSize={5}
        fontWeight="body"
      >
        Hi — I'm Jesse.
        <br />
      </span>
      <span
        className="c6 lh-title"
        color="textLight"
        fontFamily="serif"
        fontSize={5}
        fontWeight="body"
      >
        I contradict myself.
      </span>
      <span
        className="c6 lh-title"
        color="textLight"
        fontFamily="serif"
        fontSize={5}
        fontWeight="body"
      >
        I contain
        <a
          className="c7"
          href="https://jstu.art/ojNe"
        >
           multitudes
        </a>
        .
      </span>
    </div>
    <div
      className="c8 pt4 justify-center justify-end-ns items-center"
    >
      <div
        className="c9 f4 fw3 dib tr lh-copy"
      >
        NYC-based software engineer.
      </div>
      <div
        className="c8 f6 dib"
      >
        <svg
          className="mh2"
          style={
            Object {
              "height": "1.5rem",
              "width": "1.5rem",
            }
          }
          viewBox="0 0 45 45"
        >
          <defs>
            <clipPath
              id="a"
            >
              <path
                d="M0 36h36V0H0v36z"
              />
            </clipPath>
            <clipPath
              id="b"
            >
              <path
                d="M4 8.912c-1.105 0-1.667-1.004-2-2.008L0 2.009C0 .899.895 0 2 0h32c1.105 0 2 .899 2 2.009l-2 4.895c-.417.963-.895 2.008-2 2.008H4z"
              />
            </clipPath>
            <clipPath
              id="c"
            >
              <path
                d="M0 36h36V0H0v36z"
              />
            </clipPath>
          </defs>
          <g
            clipPath="url(#a)"
            transform="matrix(1.25 0 0 -1.25 0 45)"
          >
            <path
              d="M33 10.92a2.004 2.004 0 0 0-2-2.007H5c-1.104 0-2 .899-2 2.008v17.07C3 29.102 3.896 30 5 30h26c1.105 0 2-.9 2-2.008V10.92zm3-8.912A2.004 2.004 0 0 0 34 0H2C.896 0 0 .9 0 2.008l2 4.895c.333 1.005.896 2.01 2 2.01h28c1.105 0 1.583-1.047 2-2.01l2-4.895z"
              fill="#ccd6dd"
            />
          </g>
          <g
            clipPath="url(#b)"
            transform="matrix(1.25 0 0 -1.25 0 45)"
          >
            <path
              d="M38 1.925H0l1-4.059h37v4.059z"
              fill="#9aaab4"
            />
          </g>
          <g
            clipPath="url(#c)"
            transform="matrix(1.25 0 0 -1.25 0 45)"
          >
            <path
              d="M31 11.925c0-.555-.447-1.004-1-1.004H6c-.552 0-1 .449-1 1.004v15.063c0 .554.448 1.004 1 1.004h24c.553 0 1-.45 1-1.004V11.925z"
              fill="#5dadec"
            />
            <path
              d="M32.906 4.958l-.76 2.175c-.239.46-.635.838-1.187.838H5.11c-.552 0-.906-.408-1.156-1.036l-.688-1.977c-.218-.596.448-1.004 1-1.004h7.578s.937.047 1.103.608c.192.648.415 1.624.463 1.795.074.264.388.531.856.531h8.577c.5 0 .747-.253.811-.566.042-.204.313-1.14.438-1.782.111-.57 1.22-.586 1.22-.586h6.594c.553 0 1.22.471 1 1.004"
              fill="#aebbc1"
            />
            <path
              d="M22.375 2.887h-7.781c-.375 0-.538.343-.485.675.054.331.36 1.792.383 1.963.024.171.275.375.524.375h7.015c.297 0 .49-.163.55-.49.06-.326.302-1.64.321-1.94.02-.301-.168-.583-.527-.583"
              fill="#9aaab4"
            />
          </g>
        </svg>
        <svg
          style={
            Object {
              "height": "1.5rem",
              "width": "1.5rem",
            }
          }
          viewBox="0 0 45 45"
        >
          <defs>
            <clipPath
              id="a"
            >
              <path
                d="M0 36h36V0H0v36z"
              />
            </clipPath>
          </defs>
          <g
            clipPath="url(#a)"
            transform="matrix(1.25 0 0 -1.25 0 45)"
          >
            <path
              d="M1 18.982c0-9.39 7.611-17 17-17 9.39 0 17 7.61 17 17s-7.61 17-17 17c-9.389 0-17-7.61-17-17"
              fill="#ffcb4c"
            />
            <path
              d="M14.524 14.964a.914.914 0 0 0-.312.464.798.798 0 0 0 .589 1.02c4.529 1.023 7.577-1.361 7.706-1.463.384-.306.46-.845.174-1.206-.286-.358-.828-.401-1.211-.096-.111.083-2.524 1.923-6.182 1.097a.91.91 0 0 0-.764.184m.72 9.862c0-1.468-.952-2.656-2.125-2.656s-2.125 1.188-2.125 2.656c0 1.467.952 2.656 2.125 2.656s2.125-1.189 2.125-2.656M26.5 23.764c0-1.468-.95-2.656-2.125-2.656-1.173 0-2.125 1.188-2.125 2.656 0 1.467.952 2.656 2.125 2.656 1.175 0 2.125-1.19 2.125-2.656"
              fill="#65471b"
            />
            <path
              d="M17.276.85s1.265.412 1.43 1.353c.172.97-.625 1.167-.625 1.167s1.041.208 1.172 1.376c.123 1.1-.862 1.363-.862 1.363s.97.4 1.016 1.539c.038.959-.995 1.428-.995 1.428s5.038 1.22 5.555 1.34c.516.12 1.321.616 1.07 1.695-.249 1.08-1.204 1.118-1.698 1.003-.494-.116-6.744-1.567-8.9-2.07-.23-.052-1.308-.301-1.439-.333-.54-.127-.785.11-.405.512.51.536.833 1.129.947 2.113.12 1.036-.232 2.314-.433 2.809-.374.92-1.005 1.649-1.734 1.899-1.138.39-1.946-.321-1.542-1.561.604-1.855.21-3.375-.833-4.293-2.449-2.157-3.589-3.695-2.83-6.973.827-3.575 4.377-5.876 7.952-5.048l3.154.682"
              fill="#f19020"
            />
            <path
              d="M9.296 29.65a.917.917 0 0 0-.391.397.8.8 0 0 0 .393 1.113c4.266 1.83 7.699.043 7.843-.034.433-.23.608-.748.39-1.154-.215-.405-.74-.546-1.172-.318-.123.064-2.832 1.432-6.278-.047a.915.915 0 0 0-.785.042M21.43 25.9a.924.924 0 0 0-.361.423.8.8 0 0 0 .467 1.084c4.38 1.536 7.685-.48 7.824-.567.415-.26.554-.787.31-1.178-.241-.389-.775-.494-1.19-.238-.12.073-2.728 1.621-6.267.38a.916.916 0 0 0-.782.095"
              fill="#65471b"
            />
          </g>
        </svg>
      </div>
    </div>
    <div
      className="c8 pt4 justify-center justify-end-ns items-center"
    >
      <div
        className="c9 f4 fw3 dib tr lh-copy"
      >
        <div
          className="c10 db"
        >
          Published
           
          <a
            className="c7"
            href="https://jstu.art/oijk"
          >
            NLP researcher
          </a>
          , and
        </div>
        <a
          className="c7"
          href="https://jstu.art/oj1g"
        >
          USPO Patent holder
        </a>
        .
      </div>
      <div
        className="c8 f6 dib"
      >
        <svg
          className="mh2"
          style={
            Object {
              "height": "1.5rem",
              "width": "1.5rem",
            }
          }
          viewBox="0 0 45 45"
        >
          <defs>
            <clipPath
              id="a"
            >
              <path
                d="M0 36h36V0H0v36z"
              />
            </clipPath>
          </defs>
          <g
            clipPath="url(#a)"
            transform="matrix(1.25 0 0 -1.25 0 45)"
          >
            <path
              d="M32 29H4a4 4 0 0 1-4-4V10a4 4 0 0 1 4-4h11.416c.52-.596 1.477-1 2.584-1s2.064.404 2.584 1H32a4 4 0 0 1 4 4v15a4 4 0 0 1-4 4"
              fill="#269"
            />
            <path
              d="M20 9a2 2 0 0 0-4 0v18a2 2 0 0 0 4 0V9z"
              fill="#292f33"
            />
            <path
              d="M18 10a2 2 0 0 0-2-2H4a2 2 0 0 0-2 2v18a2 2 0 0 0 2 2h12a2 2 0 0 0 2-2V10z"
              fill="#99aab5"
            />
            <path
              d="M18 10c-.999 1.998-3.657 2-4 2-2 0-5-2-8-2-1 0-2 .896-2 2v16c0 1.104 1 2 2 2 3.255 0 6 2 8 2 3 0 4-1.896 4-3V10z"
              fill="#e1e8ed"
            />
            <path
              d="M34 10a2 2 0 0 0-2-2H20a2 2 0 0 0-2 2v18a2 2 0 0 0 2 2h12a2 2 0 0 0 2-2V10z"
              fill="#99aab5"
            />
            <path
              d="M18 10c.999 1.998 3.657 2 4 2 2 0 5-2 8-2 1 0 2 .896 2 2v16c0 1.104-1 2-2 2-3.256 0-6 2-8 2-3 0-4-1.896-4-3V10z"
              fill="#ccd6dd"
            />
          </g>
        </svg>
        <svg
          style={
            Object {
              "height": "1.5rem",
              "width": "1.5rem",
            }
          }
          viewBox="0 0 45 45"
        >
          <defs>
            <clipPath
              id="a"
            >
              <path
                d="M0 36h36V0H0v36z"
              />
            </clipPath>
          </defs>
          <g
            clipPath="url(#a)"
            transform="matrix(1.25 0 0 -1.25 0 45)"
          >
            <path
              d="M32 36H10a4 4 0 0 1-4-4V8H4a4 4 0 0 1 0-8h24a4 4 0 0 1 4 4v24a4 4 0 0 1 0 8"
              fill="#ffd983"
            />
            <path
              d="M8 26h24v2H10l-2 1v-3z"
              fill="#e39f3d"
            />
            <path
              d="M10 36a4 4 0 0 1-4-4V7.445A3.955 3.955 0 0 1 4 8a4 4 0 1 1 4-4v24.555A3.955 3.955 0 0 1 10 28a4 4 0 0 1 0 8"
              fill="#ffe8b6"
            />
            <path
              d="M12 32a2 2 0 1 0-4.001.001A2 2 0 0 0 12 32M6 4a2 2 0 1 0-4.001.001A2 2 0 0 0 6 4m24 17a1 1 0 0 0-1-1H11a1 1 0 0 0 0 2h18a1 1 0 0 0 1-1m0-4a1 1 0 0 0-1-1H11a1 1 0 1 0 0 2h18a1 1 0 0 0 1-1m0-4a1 1 0 0 0-1-1H11a1 1 0 1 0 0 2h18a1 1 0 0 0 1-1m0-4a1 1 0 0 0-1-1H11a1 1 0 1 0 0 2h18a1 1 0 0 0 1-1"
              fill="#c1694f"
            />
          </g>
        </svg>
      </div>
    </div>
    <div
      className="c8 pt4 justify-center justify-end-ns items-center"
    >
      <div
        className="c9 f4 fw3 dib tr lh-copy"
      >
        Neuroscientist by degree.
      </div>
      <div
        className="c8 f6 dib"
      >
        <svg
          className="mh2"
          style={
            Object {
              "height": "1.5rem",
              "width": "1.5rem",
            }
          }
          viewBox="0 0 45 45"
        >
          <defs>
            <clipPath
              id="a"
            >
              <path
                d="M0 36h36V0H0v36z"
              />
            </clipPath>
          </defs>
          <g
            clipPath="url(#a)"
            transform="matrix(1.25 0 0 -1.25 0 45)"
          >
            <path
              d="M30 4h-2c0 3.314-2.63 6-5.875 6-3.244 0-5.875-2.686-5.875-6H10a2 2 0 0 1-4 0 2 2 0 0 1 0-4h24a2 2 0 0 1 0 4"
              fill="#f18f26"
            />
            <path
              d="M20 26v-4a7 7 0 1 0 0-14h-8.485C13.532 5.557 16.584 4 20 4c6.075 0 11 4.925 11 11s-4.925 11-11 11m8.041.929a2 2 0 0 0-2.828 2.828l2.121 2.12a2.001 2.001 0 0 0 2.83.002 2.003 2.003 0 0 0-.002-2.83l-2.121-2.12z"
              fill="#f18f26"
            />
            <path
              d="M33.7 28.343a2.002 2.002 0 0 0-2.83 0l-4.243 4.243a1.999 1.999 0 1 0 2.828 2.829l4.244-4.243a2 2 0 0 0 0-2.83M16.727 12.787a1.002 1.002 0 0 0-1.414 0L11.07 17.03a1.004 1.004 0 0 0 0 1.414l12.021 12.021a1.004 1.004 0 0 0 1.414 0l4.243-4.243a1 1 0 0 0 0-1.414l-12.02-12.02z"
              fill="#fdcb58"
            />
            <path
              d="M18.142 14.201l-5.657 5.657 1.415 1.414 5.657-5.656-1.415-1.415z"
              fill="#f18f26"
            />
            <path
              d="M16.414 5.586a2 2 0 0 0-2.828 0l-9.9 9.9a2 2 0 0 0 2.83 2.829l9.898-9.901a2 2 0 0 0 0-2.828m-7.464.879A.999.999 0 1 0 7.536 5.05L3.293 9.293a1 1 0 1 0 1.415 1.414L8.95 6.465z"
              fill="#67757f"
            />
          </g>
        </svg>
        <svg
          style={
            Object {
              "height": "1.5rem",
              "width": "1.5rem",
            }
          }
          viewBox="0 0 45 45"
        >
          <defs>
            <clipPath
              id="a"
            >
              <path
                d="M0 36h36V0H0v36z"
              />
            </clipPath>
          </defs>
          <g
            clipPath="url(#a)"
            transform="matrix(1.25 0 0 -1.25 0 45)"
          >
            <path
              d="M30 0H6a1 1 0 1 0 0 2h24c2.542 0 4 1.367 4 3.75C34 7.287 32.357 9 30 9h-7a1 1 0 1 0 0 2h7c3.589 0 6-2.715 6-5.25C36 2.257 33.645 0 30 0"
              fill="#ea596e"
            />
            <path
              d="M12 11.5c0 3.037 3.605 5.937 1 7.5-3.407 2.044-6.879-4.293-9-5-3-1-4-3.407-4-5 0-1.838 1.986-1.725 5-2 1.906-.175 5.594-.125 9-1 2.942-.756-2 2.462-2 5.5"
              fill="#66757f"
            />
            <path
              d="M33 12.5C33 21 29.247 25 24 25c-10 0-14-7-14-14 0-5.247 6.753-6 12-6s11 2.253 11 7.5"
              fill="#66757f"
            />
            <path
              d="M9.781 18.156c0 2.594-2.375 3.22-1.187 5.031.706 1.078 2.587.635 3.051.582-.037-1.332 1.605-1.876 2.054-1.05.378-.37.71-.83.962-1.36.914-1.924-.46-4.49-1.958-5.2-1.496-.712-2.922-.133-2.922 1.997"
              fill="#66757f"
            />
            <path
              d="M13.633 19.86c.084-1.279-.48-2.67-1.396-2.915-.914-.246-1.277.727-1.608 1.961-.33 1.234-.95 2.686-.036 2.932.914.246 2.931-.317 3.04-1.978"
              fill="#e6aaaa"
            />
            <path
              d="M9 13a1 1 0 1 0-2 0 1 1 0 0 0 2 0"
              fill="#292f33"
            />
            <path
              d="M10.594 17.688c-1.26 1.717-2.834 1.977-4.49 1.979-.73 0-.687-.48-.104-.543 1.076-.115 1.963-.405 2.077-.666.076-.175-.702.041-1.431.041-1.167 0-1.041-.297-.167-.52 1.875-.479 1.834-1.22 2.896-1.188 1.063.033 1.219.896 1.219.896m15.848 6.988c-1.65.616-3.942 2.241-6.192 1.991-.75-.083-.462-.518 0-.625.61-.14 1.437-.704 1.731-.932.281-.219-2.314.557-4.065-.109-.872-.332-.514-.563.031-.5.816.093 1.61-.172 2.641-.797s6.931.57 5.854.972"
              fill="#66757f"
            />
          </g>
        </svg>
      </div>
    </div>
    <div
      className="c8 pt4 justify-center justify-end-ns items-center"
    >
      <div
        className="c9 f4 fw3 dib tr lh-copy"
      >
        <a
          className="c7"
          href="https://jstu.art/ojVB"
        >
          French translator
        </a>
         
        by night.
      </div>
      <div
        className="c8 f6 dib"
      >
        <svg
          className="mh2"
          style={
            Object {
              "height": "1.5rem",
              "width": "1.5rem",
            }
          }
          viewBox="0 0 45 45"
        >
          <defs>
            <clipPath
              id="a"
            >
              <path
                d="M0 36h36V0H0v36z"
              />
            </clipPath>
          </defs>
          <g
            clipPath="url(#a)"
            transform="matrix(1.25 0 0 -1.25 0 45)"
          >
            <path
              d="M36 9a4 4 0 0 0-4-4h-8v26h8a4 4 0 0 0 4-4V9z"
              fill="#ed2939"
            />
            <path
              d="M4 31a4 4 0 0 1-4-4V9a4 4 0 0 1 4-4h8v26H4z"
              fill="#002495"
            />
            <path
              d="M24 5H12v26h12V5z"
              fill="#eee"
            />
          </g>
        </svg>
        <svg
          style={
            Object {
              "height": "1.5rem",
              "width": "1.5rem",
            }
          }
          viewBox="0 0 45 45"
        >
          <defs>
            <clipPath
              id="a"
            >
              <path
                d="M0 36h36V0H0v36z"
              />
            </clipPath>
          </defs>
          <g
            clipPath="url(#a)"
            transform="matrix(1.25 0 0 -1.25 0 45)"
          >
            <path
              d="M30.311 35.224C32 17 20 4 .776 5.688c8.2-7.717 21.091-7.588 29.107.429 8.018 8.016 8.148 20.909.428 29.107"
              fill="#ccd6dd"
            />
            <path
              d="M30.705 20.085a1.164 1.164 0 0 1 0-1.644 1.162 1.162 0 1 1 0 1.644M14.683 5.705a1.74 1.74 0 0 1 0-2.465 1.742 1.742 0 1 1 0 2.465m13.968 2.147a2.904 2.904 0 0 0-4.108 0 2.902 2.902 0 0 0 0 4.107 2.902 2.902 0 0 0 4.108 0 2.902 2.902 0 0 0 0-4.107"
              fill="#b8c5cd"
            />
          </g>
        </svg>
      </div>
    </div>
    <div
      className="c8 pt4 justify-center justify-end-ns items-center"
    >
      <div
        className="c9 f4 fw3 dib tr lh-copy"
      >
        I take a
         
        <a
          className="c7"
          href="/true/photography"
          onClick={[Function]}
          onMouseEnter={[Function]}
        >
          lot of photographs
        </a>
        .
      </div>
      <div
        className="c8 f6 dib"
      >
        <svg
          className="mh2"
          style={
            Object {
              "height": "1.5rem",
              "width": "1.5rem",
            }
          }
          viewBox="0 0 47.5 47.5"
        >
          <defs>
            <clipPath
              id="Twemoji_1f4f7_svg__a"
            >
              <path
                d="M0 38h38V0H0v38z"
              />
            </clipPath>
          </defs>
          <g
            clipPath="url(#Twemoji_1f4f7_svg__a)"
            transform="matrix(1.25 0 0 -1.25 0 47.5)"
          >
            <path
              d="M1 27s0 4 4 4h28s4 0 4-4V9s0-4-4-4H5S1 5 1 9v18z"
              fill="#292f33"
            />
            <path
              d="M12 18c0-5.523 4.477-10 10-10s10 4.477 10 10-4.477 10-10 10-10-4.477-10-10"
              fill="#ccd6dd"
            />
            <path
              d="M30 18a8 8 0 00-8-8 8 8 0 100 16 8 8 0 008-8"
              fill="#292f33"
            />
            <path
              d="M27 18a5 5 0 00-5-5 5 5 0 00-5 5 5 5 0 005 5 5 5 0 005-5"
              fill="#3b88c3"
            />
            <path
              d="M35 27.5a1.5 1.5 0 10-3 0 1.5 1.5 0 003 0"
              fill="#fff"
            />
            <path
              d="M13 27.5a1.5 1.5 0 00-1.5-1.5h-5a1.5 1.5 0 100 3h5a1.5 1.5 0 001.5-1.5"
              fill="#f5f8fa"
            />
            <path
              d="M5 32s0 1 1 1h6s1 0 1-1v-1H5v1z"
              fill="#66757f"
            />
          </g>
        </svg>
        <svg
          height={45}
          style={
            Object {
              "height": "1.5rem",
              "width": "1.5rem",
            }
          }
          viewBox="0 0 45 45"
          width={45}
        >
          <g
            fill="none"
          >
            <path
              d="M24 44.346L15.406 14s-1.786.995-3.275 2.14c-.393.303-2.486 3.649-2.907 3.976-2.216 1.719-4.468 3.714-4.77 4.14C3.878 25.074 0 45 0 45l24-.654z"
              fill="#292F33"
            />
            <path
              d="M40 44l-6.9-25.937L22.433 4l-6.741 5.507-1.219 1.539c-.51 1.025-2.078 7.017-2.078 7.017L10.828 24.3 3.93 37.504 1 43.726 40 44z"
              fill="#4B545D"
            />
            <path
              d="M4 37s9.973-14.568 10-15.385c.026-.816-1.452-4.615-1.452-4.615l-1.583 6.417L4 37z"
              fill="#FFF"
            />
            <path
              d="M14.963 42h2.481l2.482-20.784 1.53-2.37 4.44-6.908.116-1.938-4.078 5.877-3.25 4.682-2.962 9.715-.76 2.489-2.221 4.135L10 42h4.963zm14.961-23.246l-2.438 7.782-1.357 4.907 3.464 10.062L34 41.423s-5.39-9.155-5.39-9.98c0-.158.776-3.545.776-3.545l1.357-5.98.349-2.021-1.168-1.143z"
              fill="#292F33"
            />
            <path
              d="M30.447 19l-2.2-.901-1.896 1.185-1.643-1.44L22 19.094 26.428 12l4.019 7zM34 29l-2.118-1.881-1.972 1.271 1.354-6.142 1.778 3.093L34 29z"
              fill="#F1F1F1"
            />
            <path
              d="M28 26.648l-1.38 4.902-.316-3.186L28 26.648zm-12.74 6.22L13 37l.446-3.205s.86-.762 1.183-1.2c.322-.44 1.404-2.213 1.404-2.213l-.773 2.487zm4.05-14.5L22.351 16l-3.305 4.677.262-2.31z"
              fill="#FFF"
            />
            <path
              d="M45 45s-.49-5.134-1.091-9.457c-.472-3.395-3.523-8.415-5.238-9.499l-1.577-4.72-2.585-6.813-2.885-3.056-2.356-2.17-.645-.83L22 3l2.925 6.685.67 2.23 4.147 6.895.843 3.2 1.838 3.046.989 3.606 1.366 4.99-2.556 8.678L45 45z"
              fill="#292F33"
            />
            <path
              d="M42.135 40.5c-1.681 0-6.197.71-6.822.71-2.5 0-5.313-2.21-6.563-2.21s-4.492 2.21-6.992 2.21c-2.11 0-3.008-1.025-5.9-1.025-.934 0-5.12 1.1-6.014.986-2.279-.288-3.45-1.224-4.024-1.224C2.5 39.947 0 45 0 45h45s-1.094-4.5-2.865-4.5z"
              fill="#5C903F"
            />
            <path
              d="M16 9.267l2.771-.618.856 2.351L22.4 9.884l3.6.421L23.013 1z"
              fill="#F1F1F1"
            />
            <path
              d="M29.348 8.371l-1.767-.319-1.777 1.528L23 0l6.348 8.371zm5.842 5.738l2.277 6.912-2.118-3.712-1.976-2.133-1.15-3.856 2.967 2.79zM44 35s-.179-5.099-1.557-6.782c-1.378-1.682-3.52-2.597-3.52-2.597l1.76 4.293 1.786 1.86L44 35z"
              fill="#A8B6C0"
            />
          </g>
        </svg>
      </div>
    </div>
  </div>
  <div
    className="c11 bt b--light-silver"
  >
    <div
      className="b--hot-pink bb bg-purple bw2 mb1 pb3 pt4 css-vurnku"
      style={
        Object {
          "gridColumn": "1 / 13",
        }
      }
    >
      <div
        className="fw4 lh-title tc white-80 css-seakmb"
      >
        I build software
        <br />
        on the pull requests
        <br />
        of giants.
      </div>
      <div
        className="justify-center mt2 css-4cffwv"
      >
        <svg
          className="mw-5"
          fill="none"
          height="30px"
          stroke="#ff3a5c"
          strokeLinecap="round"
          strokeLinejoin="round"
          strokeWidth="2"
          viewBox="0 0 24 24"
          width="30px"
          xmlns="http://www.w3.org/2000/svg"
        >
          <polyline
            points="6 9 12 15 18 9"
          />
        </svg>
      </div>
    </div>
  </div>
</div>
`;
