// Jest Snapshot v1, https://goo.gl/fbAQLP

exports[`Render SiteHeader component as not-root. 1`] = `
.c1 {
  box-sizing: border-box;
  margin: 0;
  min-width: 0;
  font-size: 24px;
  font-family: Alegreya Sans;
  font-weight: 700;
  line-height: 1.25;
  font-family: Alegreya Sans;
  line-height: 1.25;
  font-weight: 700;
  -webkit-align-items: center;
  -webkit-box-align: center;
  -ms-flex-align: center;
  align-items: center;
  -webkit-box-pack: center;
  -webkit-justify-content: center;
  -ms-flex-pack: center;
  justify-content: center;
  font-family: Lato,system-ui,sans-serif;
  background-color: rgb(55,59,70);
}

.c2 {
  box-sizing: border-box;
  margin: 0;
  min-width: 0;
  -webkit-flex-direction: row;
  -ms-flex-direction: row;
  flex-direction: row;
  display: -webkit-box;
  display: -webkit-flex;
  display: -ms-flexbox;
  display: flex;
}

.c3 {
  -webkit-transition: color 0.3s;
  transition: color 0.3s;
}

.c0 {
  -webkit-transition: all 0.5s ease-in-out;
  transition: all 0.5s ease-in-out;
}

<Headroom
  className="c0"
>
  <header
    className="c1 bb flex b--hot-pink"
    fontFamily="body"
    id="site-header"
  >
    <div
      className="c2 gray-primary fw3 w-35-ns"
    >
      <a
        className="c3 f4 fw3 mv2 ph3 pv2 shadow-none white-90 fw4 b--mid-gray br b--mid-gray"
        href="/true"
        onClick={[Function]}
        onMouseEnter={[Function]}
        onMouseLeave={[Function]}
      >
        home
      </a>
      <a
        className="c3 f4 fw3 mv2 ph3 pv2 shadow-none light-silver b--mid-gray br b--mid-gray"
        href="/true/posts"
        onClick={[Function]}
        onMouseEnter={[Function]}
        onMouseLeave={[Function]}
      >
        words
      </a>
      <a
        className="c3 f4 fw3 mv2 ph3 pv2 shadow-none light-silver b--mid-gray br b--mid-gray"
        href="/true/photography"
        onClick={[Function]}
        onMouseEnter={[Function]}
        onMouseLeave={[Function]}
      >
        pictures
      </a>
      <a
        className="c3 f4 fw3 mv2 ph3 pv2 shadow-none light-silver b--mid-gray"
        href="/true/about"
        onClick={[Function]}
        onMouseEnter={[Function]}
        onMouseLeave={[Function]}
      >
        about
      </a>
    </div>
  </header>
</Headroom>
`;

exports[`Render SiteHeader component. 1`] = `
.c1 {
  box-sizing: border-box;
  margin: 0;
  min-width: 0;
  font-size: 24px;
  font-family: Alegreya Sans;
  font-weight: 700;
  line-height: 1.25;
  font-family: Alegreya Sans;
  line-height: 1.25;
  font-weight: 700;
  -webkit-align-items: center;
  -webkit-box-align: center;
  -ms-flex-align: center;
  align-items: center;
  -webkit-box-pack: center;
  -webkit-justify-content: center;
  -ms-flex-pack: center;
  justify-content: center;
  font-family: Lato,system-ui,sans-serif;
  background-color: rgb(55,59,70);
}

.c2 {
  box-sizing: border-box;
  margin: 0;
  min-width: 0;
  -webkit-flex-direction: row;
  -ms-flex-direction: row;
  flex-direction: row;
  display: -webkit-box;
  display: -webkit-flex;
  display: -ms-flexbox;
  display: flex;
}

.c3 {
  -webkit-transition: color 0.3s;
  transition: color 0.3s;
}

.c0 {
  -webkit-transition: all 0.5s ease-in-out;
  transition: all 0.5s ease-in-out;
}

<Headroom
  className="c0"
>
  <header
    className="c1 bb flex b--hot-pink"
    fontFamily="body"
    id="site-header"
  >
    <div
      className="c2 gray-primary fw3 w-35-ns"
    >
      <a
        className="c3 f4 fw3 mv2 ph3 pv2 shadow-none white-90 fw4 b--mid-gray br b--mid-gray"
        href="/true"
        onClick={[Function]}
        onMouseEnter={[Function]}
        onMouseLeave={[Function]}
      >
        home
      </a>
      <a
        className="c3 f4 fw3 mv2 ph3 pv2 shadow-none light-silver b--mid-gray br b--mid-gray"
        href="/true/posts"
        onClick={[Function]}
        onMouseEnter={[Function]}
        onMouseLeave={[Function]}
      >
        words
      </a>
      <a
        className="c3 f4 fw3 mv2 ph3 pv2 shadow-none light-silver b--mid-gray br b--mid-gray"
        href="/true/photography"
        onClick={[Function]}
        onMouseEnter={[Function]}
        onMouseLeave={[Function]}
      >
        pictures
      </a>
      <a
        className="c3 f4 fw3 mv2 ph3 pv2 shadow-none light-silver b--mid-gray"
        href="/true/about"
        onClick={[Function]}
        onMouseEnter={[Function]}
        onMouseLeave={[Function]}
      >
        about
      </a>
    </div>
  </header>
</Headroom>
`;
