// Jest Snapshot v1, https://goo.gl/fbAQLP

exports[`Render SiteHeader component as not-root. 1`] = `
<Headroom
  className="bg-gray-primary"
  style={
    Object {
      "MozTransition": "all 0.7s ease-in-out",
      "OTransition": "all 0.7s ease-in-out",
      "WebkitTransition": "all 0.7s ease-in-out",
      "transition": "all 0.7s ease-in-out",
    }
  }
>
  <header
    className="b--hot-pink bb bg-gray-primary center flex pb1 site-header w-100 "
    id="site-header"
  >
    <ul
      className="center flex flex-row fw3 mb1 source-sans w-35-ns"
    >
      <li>
        <a
          className="shadow-none flex justify-center items-center lato f4 ph3 mv2 pv2 flex-auto light-silver fw3 br b--mid-gray white-90 fw4"
          href="/true"
          onClick={[Function]}
          onMouseEnter={[Function]}
        >
          home
        </a>
      </li>
      <li>
        <a
          className="shadow-none flex justify-center items-center lato f4 ph3 mv2 pv2 flex-auto light-silver fw3 br b--mid-gray light-silver fw3"
          href="/true/posts"
          onClick={[Function]}
          onMouseEnter={[Function]}
        >
          words
        </a>
      </li>
      <li>
        <a
          className="shadow-none flex justify-center items-center lato f4 ph3 mv2 pv2 flex-auto light-silver fw3 br b--mid-gray light-silver fw3"
          href="/true/photography"
          onClick={[Function]}
          onMouseEnter={[Function]}
        >
          pictures
        </a>
      </li>
      <li>
        <a
          className="shadow-none flex justify-center items-center lato f4 ph3 mv2 pv2 flex-auto light-silver fw3 light-silver fw3"
          href="/true/about"
          onClick={[Function]}
          onMouseEnter={[Function]}
        >
          about
        </a>
      </li>
    </ul>
  </header>
</Headroom>
`;

exports[`Render SiteHeader component. 1`] = `
<Headroom
  className="bg-gray-primary"
  style={
    Object {
      "MozTransition": "all 0.7s ease-in-out",
      "OTransition": "all 0.7s ease-in-out",
      "WebkitTransition": "all 0.7s ease-in-out",
      "transition": "all 0.7s ease-in-out",
    }
  }
>
  <header
    className="b--hot-pink bb bg-gray-primary center flex pb1 site-header w-100 "
    id="site-header"
  >
    <ul
      className="center flex flex-row fw3 mb1 source-sans w-35-ns"
    >
      <li>
        <a
          className="shadow-none flex justify-center items-center lato f4 ph3 mv2 pv2 flex-auto light-silver fw3 br b--mid-gray white-90 fw4"
          href="/true"
          onClick={[Function]}
          onMouseEnter={[Function]}
        >
          home
        </a>
      </li>
      <li>
        <a
          className="shadow-none flex justify-center items-center lato f4 ph3 mv2 pv2 flex-auto light-silver fw3 br b--mid-gray light-silver fw3"
          href="/true/posts"
          onClick={[Function]}
          onMouseEnter={[Function]}
        >
          words
        </a>
      </li>
      <li>
        <a
          className="shadow-none flex justify-center items-center lato f4 ph3 mv2 pv2 flex-auto light-silver fw3 br b--mid-gray light-silver fw3"
          href="/true/photography"
          onClick={[Function]}
          onMouseEnter={[Function]}
        >
          pictures
        </a>
      </li>
      <li>
        <a
          className="shadow-none flex justify-center items-center lato f4 ph3 mv2 pv2 flex-auto light-silver fw3 light-silver fw3"
          href="/true/about"
          onClick={[Function]}
          onMouseEnter={[Function]}
        >
          about
        </a>
      </li>
    </ul>
  </header>
</Headroom>
`;
