// Jest Snapshot v1, https://goo.gl/fbAQLP

exports[`Render PhotographyGridSection component w/ images. 1`] = `
<section
  className="sc-ifAKCX beEaFV br2 center mv5-ns mw7 mw9-ns pa5-ns"
  style={
    Object {
      "transition": "all 0.5s",
    }
  }
>
  <a
    className="sc-bxivhb cFCxbQ sans-serif db f2 fw5 header-primary mb3 tr w-100"
    href="/true/#"
    onClick={[Function]}
    onMouseEnter={[Function]}
  >
    <style
      dangerouslySetInnerHTML={
        Object {
          "__html": ".css-g6k601{box-sizing:border-box;margin:0;min-width:0;font-family:Alegreya Sans SC;}",
        }
      }
      data-emotion-css="g6k601"
    />
    <div
      className="css-g6k601"
    >
      01 may 2019
    </div>
  </a>
  <div
    className="sc-bdVaJa fEoawH"
  />
</section>
`;

exports[`Render PhotographyGridSection component. 1`] = `null`;
