// Jest Snapshot v1, https://goo.gl/fbAQLP

exports[`Render PhotographySectionHeader. 1`] = `
.c0 {
  box-sizing: border-box;
  margin: 0;
  min-width: 0;
  color: rgba(0,0,0,0.7);
  font-family: Alegreya Sans SC;
  -webkit-flex: 1;
  -ms-flex: 1;
  flex: 1;
  font-size: 36px;
  -webkit-box-pack: end;
  -webkit-justify-content: flex-end;
  -ms-flex-pack: end;
  justify-content: flex-end;
  margin-bottom: 8px;
  width: 100%;
}

<h2
  className="c0 flex fw5"
  fontSize="6"
  width="100%"
>
  <a
    href="/true/photography"
    onClick={[Function]}
    onMouseEnter={[Function]}
  >
    01 May 2019
  </a>
</h2>
`;
