// Jest Snapshot v1, https://goo.gl/fbAQLP

exports[`Render PhotographySectionHeader. 1`] = `
Array [
  <style
    dangerouslySetInnerHTML={
      Object {
        "__html": ".css-vurnku{box-sizing:border-box;margin:0;min-width:0;}",
      }
    }
    data-emotion-css="vurnku"
  />,
  <a
    className="db f2 fw5 mb3 tr w-100 css-vurnku"
    href="/photography"
  >
    <style
      dangerouslySetInnerHTML={
        Object {
          "__html": ".css-1ctbtr8{box-sizing:border-box;margin:0;min-width:0;font-family:smallCaps;}",
        }
      }
      data-emotion-css="1ctbtr8"
    />
    <div
      className="css-1ctbtr8"
    >
      01 May 2019
    </div>
  </a>,
]
`;
