// Jest Snapshot v1, https://goo.gl/fbAQLP

exports[`Render StyledLink component with default colors. 1`] = `
<li
  className="f4 portfolio-item flex items-center mb2"
>
  <a
    href="/"
  >
    <div
      className="sc-bwzfXH keXXTO"
    >
      <svg
        className="mr2"
        fill="none"
        height="27px"
        stroke="inherit"
        strokeLinecap="round"
        strokeLinejoin="round"
        strokeWidth="2"
        viewBox="0 0 24 24"
        width="27px"
        xmlns="http://www.w3.org/2000/svg"
      >
        <path
          d="M21 15v4a2 2 0 0 1-2 2H5a2 2 0 0 1-2-2v-4"
        />
        <polyline
          points="7 10 12 15 17 10"
        />
        <line
          x1="12"
          x2="12"
          y1="15"
          y2="3"
        />
      </svg>
    </div>
  </a>
  <a
    className="fw7 f4 sc-bdVaJa bXWskY"
    href="/true"
    onClick={[Function]}
    onMouseEnter={[Function]}
  >
    Portfolio Item
  </a>
</li>
`;
