// Jest Snapshot v1, https://goo.gl/fbAQLP

exports[`Render PortfolioItem component. 1`] = `
.c1 {
  border-bottom: 2px solid rgba(100%,23%,36%,0.8);
  position: relative;
  -webkit-text-decoration: none;
  text-decoration: none;
}

.c1::before {
  background-color: rgba(58%,46%,80%,0.8);
  bottom: -2px;
  content: '';
  height: 2px;
  left: 0;
  position: absolute;
  -webkit-transform: scaleX(0);
  -ms-transform: scaleX(0);
  transform: scaleX(0);
  -webkit-transition: all 0.25s ease-in-out 0s;
  transition: all 0.25s ease-in-out 0s;
  visibility: hidden;
  width: 100%;
}

.c1:hover:before {
  -webkit-transform: scaleX(1);
  -ms-transform: scaleX(1);
  transform: scaleX(1);
  visibility: visible;
}

.c0 {
  -webkit-transition: all 500ms;
  transition: all 500ms;
  stroke: #331d5b;
}

.c0:hover {
  stroke: #673ab7;
}

<li
  className="f4 portfolio-item flex items-center mb2"
>
  <a
    href="/"
  >
    <div
      className="c0"
    >
      <svg
        className="mr2"
        fill="none"
        height="27px"
        stroke="inherit"
        strokeLinecap="round"
        strokeLinejoin="round"
        strokeWidth="2"
        viewBox="0 0 24 24"
        width="27px"
        xmlns="http://www.w3.org/2000/svg"
      >
        <path
          d="M21 15v4a2 2 0 0 1-2 2H5a2 2 0 0 1-2-2v-4"
        />
        <polyline
          points="7 10 12 15 17 10"
        />
        <line
          x1="12"
          x2="12"
          y1="15"
          y2="3"
        />
      </svg>
    </div>
  </a>
  <a
    className="c1 fw7 f4"
    href="/true"
    onClick={[Function]}
    onMouseEnter={[Function]}
  >
    Portfolio Item
  </a>
</li>
`;
